INFO 03-20 02:07:50 [serve.py:100] Defaulting api_server_count to data_parallel_size (8).
INFO 03-20 02:07:50 [utils.py:302] 
INFO 03-20 02:07:50 [utils.py:302]        █     █     █▄   ▄█
INFO 03-20 02:07:50 [utils.py:302]  ▄▄ ▄█ █     █     █ ▀▄▀ █  version 0.17.1
INFO 03-20 02:07:50 [utils.py:302]   █▄█▀ █     █     █     █  model   Qwen/Qwen3.5-397B-A17B-FP8
INFO 03-20 02:07:50 [utils.py:302]    ▀▀  ▀▀▀▀▀ ▀▀▀▀▀ ▀     ▀
INFO 03-20 02:07:50 [utils.py:302] 
INFO 03-20 02:07:50 [utils.py:238] non-default args: {'model_tag': 'Qwen/Qwen3.5-397B-A17B-FP8', 'api_server_count': 8, 'host': '127.0.0.1', 'model': 'Qwen/Qwen3.5-397B-A17B-FP8', 'data_parallel_size': 8, 'enable_expert_parallel': True, 'enable_prefix_caching': True, 'language_model_only': True}
INFO 03-20 02:07:51 [model.py:531] Resolved architecture: Qwen3_5MoeForConditionalGeneration
INFO 03-20 02:07:51 [model.py:1554] Using max model len 262144
INFO 03-20 02:07:52 [scheduler.py:231] Chunked prefill is enabled with max_num_batched_tokens=8192.
WARNING 03-20 02:07:52 [config.py:381] Mamba cache mode is set to 'align' for Qwen3_5MoeForConditionalGeneration by default when prefix caching is enabled
INFO 03-20 02:07:52 [config.py:401] Warning: Prefix caching in Mamba cache 'align' mode is currently enabled. Its support for Mamba layers is experimental. Please report any issues you may observe.
INFO 03-20 02:07:53 [config.py:544] Setting attention block size to 2096 tokens to ensure that attention page size is >= mamba page size.
INFO 03-20 02:07:53 [config.py:575] Padding mamba page size by 0.58% to ensure that mamba page size and attention page size are exactly equal.
INFO 03-20 02:07:53 [vllm.py:747] Asynchronous scheduling is enabled.
INFO 03-20 02:07:53 [vllm.py:757] Disabling NCCL for DP synchronization when using async scheduling.
INFO 03-20 02:07:53 [utils.py:865] Started DP Coordinator process (PID: 24106)
INFO 03-20 02:07:53 [utils.py:217] Started 8 API server processes
(ApiServer_5 pid=24122) INFO 03-20 02:08:19 [model.py:531] Resolved architecture: Qwen3_5MoeForConditionalGeneration
(ApiServer_5 pid=24122) INFO 03-20 02:08:19 [model.py:1554] Using max model len 262144
(ApiServer_0 pid=24117) INFO 03-20 02:08:19 [model.py:531] Resolved architecture: Qwen3_5MoeForConditionalGeneration
(ApiServer_0 pid=24117) INFO 03-20 02:08:19 [model.py:1554] Using max model len 262144
(EngineCore_DP7 pid=24116) WARNING 03-20 02:08:19 [multiproc_executor.py:945] Reducing Torch parallelism from 128 threads to 1 to avoid unnecessary CPU contention. Set OMP_NUM_THREADS in the external environment to tune this value as needed.
(EngineCore_DP3 pid=24112) WARNING 03-20 02:08:19 [multiproc_executor.py:945] Reducing Torch parallelism from 128 threads to 1 to avoid unnecessary CPU contention. Set OMP_NUM_THREADS in the external environment to tune this value as needed.
(EngineCore_DP1 pid=24110) WARNING 03-20 02:08:19 [multiproc_executor.py:945] Reducing Torch parallelism from 128 threads to 1 to avoid unnecessary CPU contention. Set OMP_NUM_THREADS in the external environment to tune this value as needed.
(EngineCore_DP1 pid=24110) INFO 03-20 02:08:19 [multiproc_executor.py:134] DP group leader: node_rank=0, node_rank_within_dp=0, master_addr=127.0.0.1, mq_connect_ip=172.19.20.125 (local), world_size=1, local_world_size=1
(EngineCore_DP7 pid=24116) INFO 03-20 02:08:19 [multiproc_executor.py:134] DP group leader: node_rank=0, node_rank_within_dp=0, master_addr=127.0.0.1, mq_connect_ip=172.19.20.125 (local), world_size=1, local_world_size=1
(EngineCore_DP3 pid=24112) INFO 03-20 02:08:19 [multiproc_executor.py:134] DP group leader: node_rank=0, node_rank_within_dp=0, master_addr=127.0.0.1, mq_connect_ip=172.19.20.125 (local), world_size=1, local_world_size=1
(EngineCore_DP6 pid=24115) WARNING 03-20 02:08:19 [multiproc_executor.py:945] Reducing Torch parallelism from 128 threads to 1 to avoid unnecessary CPU contention. Set OMP_NUM_THREADS in the external environment to tune this value as needed.
(EngineCore_DP4 pid=24113) WARNING 03-20 02:08:19 [multiproc_executor.py:945] Reducing Torch parallelism from 128 threads to 1 to avoid unnecessary CPU contention. Set OMP_NUM_THREADS in the external environment to tune this value as needed.
(EngineCore_DP2 pid=24111) WARNING 03-20 02:08:19 [multiproc_executor.py:945] Reducing Torch parallelism from 128 threads to 1 to avoid unnecessary CPU contention. Set OMP_NUM_THREADS in the external environment to tune this value as needed.
(EngineCore_DP6 pid=24115) INFO 03-20 02:08:19 [multiproc_executor.py:134] DP group leader: node_rank=0, node_rank_within_dp=0, master_addr=127.0.0.1, mq_connect_ip=172.19.20.125 (local), world_size=1, local_world_size=1
(EngineCore_DP4 pid=24113) INFO 03-20 02:08:19 [multiproc_executor.py:134] DP group leader: node_rank=0, node_rank_within_dp=0, master_addr=127.0.0.1, mq_connect_ip=172.19.20.125 (local), world_size=1, local_world_size=1
(EngineCore_DP2 pid=24111) INFO 03-20 02:08:19 [multiproc_executor.py:134] DP group leader: node_rank=0, node_rank_within_dp=0, master_addr=127.0.0.1, mq_connect_ip=172.19.20.125 (local), world_size=1, local_world_size=1
(EngineCore_DP5 pid=24114) WARNING 03-20 02:08:19 [multiproc_executor.py:945] Reducing Torch parallelism from 128 threads to 1 to avoid unnecessary CPU contention. Set OMP_NUM_THREADS in the external environment to tune this value as needed.
(EngineCore_DP0 pid=24109) INFO 03-20 02:08:19 [core.py:101] Initializing a V1 LLM engine (v0.17.1) with config: model='Qwen/Qwen3.5-397B-A17B-FP8', speculative_config=None, tokenizer='Qwen/Qwen3.5-397B-A17B-FP8', skip_tokenizer_init=False, tokenizer_mode=auto, revision=None, tokenizer_revision=None, trust_remote_code=False, dtype=torch.bfloat16, max_seq_len=262144, download_dir=None, load_format=auto, tensor_parallel_size=1, pipeline_parallel_size=1, data_parallel_size=8, disable_custom_all_reduce=False, quantization=fp8, enforce_eager=False, enable_return_routed_experts=False, kv_cache_dtype=auto, device_config=cuda, structured_outputs_config=StructuredOutputsConfig(backend='auto', disable_fallback=False, disable_any_whitespace=False, disable_additional_properties=False, reasoning_parser='', reasoning_parser_plugin='', enable_in_reasoning=False), observability_config=ObservabilityConfig(show_hidden_metrics_for_version=None, otlp_traces_endpoint=None, collect_detailed_traces=None, kv_cache_metrics=False, kv_cache_metrics_sample=0.01, cudagraph_metrics=False, enable_layerwise_nvtx_tracing=False, enable_mfu_metrics=False, enable_mm_processor_stats=False, enable_logging_iteration_details=False), seed=0, served_model_name=Qwen/Qwen3.5-397B-A17B-FP8, enable_prefix_caching=True, enable_chunked_prefill=True, pooler_config=None, compilation_config={'level': None, 'mode': <CompilationMode.VLLM_COMPILE: 3>, 'debug_dump_path': None, 'cache_dir': '', 'compile_cache_save_format': 'binary', 'backend': 'inductor', 'custom_ops': ['+quant_fp8', 'none', '+quant_fp8'], 'splitting_ops': ['vllm::unified_attention', 'vllm::unified_attention_with_output', 'vllm::unified_mla_attention', 'vllm::unified_mla_attention_with_output', 'vllm::mamba_mixer2', 'vllm::mamba_mixer', 'vllm::short_conv', 'vllm::linear_attention', 'vllm::plamo2_mamba_mixer', 'vllm::gdn_attention_core', 'vllm::kda_attention', 'vllm::sparse_attn_indexer', 'vllm::rocm_aiter_sparse_attn_indexer', 'vllm::unified_kv_cache_update', 'vllm::unified_mla_kv_cache_update'], 'compile_mm_encoder': False, 'compile_sizes': [], 'compile_ranges_split_points': [8192], 'inductor_compile_config': {'enable_auto_functionalized_v2': False, 'combo_kernels': True, 'benchmark_combo_kernel': True}, 'inductor_passes': {}, 'cudagraph_mode': <CUDAGraphMode.FULL_AND_PIECEWISE: (2, 1)>, 'cudagraph_num_of_warmups': 1, 'cudagraph_capture_sizes': [1, 2, 4, 8, 16, 24, 32, 40, 48, 56, 64, 72, 80, 88, 96, 104, 112, 120, 128, 136, 144, 152, 160, 168, 176, 184, 192, 200, 208, 216, 224, 232, 240, 248, 256, 272, 288, 304, 320, 336, 352, 368, 384, 400, 416, 432, 448, 464, 480, 496, 512], 'cudagraph_copy_inputs': False, 'cudagraph_specialize_lora': True, 'use_inductor_graph_partition': False, 'pass_config': {'fuse_norm_quant': True, 'fuse_act_quant': True, 'fuse_attn_quant': False, 'enable_sp': False, 'fuse_gemm_comms': False, 'fuse_allreduce_rms': False}, 'max_cudagraph_capture_size': 512, 'dynamic_shapes_config': {'type': <DynamicShapesType.BACKED: 'backed'>, 'evaluate_guards': False, 'assume_32_bit_indexing': False}, 'local_cache_dir': None, 'fast_moe_cold_start': True, 'static_all_moe_layers': []}
(EngineCore_DP5 pid=24114) INFO 03-20 02:08:19 [multiproc_executor.py:134] DP group leader: node_rank=0, node_rank_within_dp=0, master_addr=127.0.0.1, mq_connect_ip=172.19.20.125 (local), world_size=1, local_world_size=1
(EngineCore_DP0 pid=24109) WARNING 03-20 02:08:19 [multiproc_executor.py:945] Reducing Torch parallelism from 128 threads to 1 to avoid unnecessary CPU contention. Set OMP_NUM_THREADS in the external environment to tune this value as needed.
(EngineCore_DP0 pid=24109) INFO 03-20 02:08:19 [multiproc_executor.py:134] DP group leader: node_rank=0, node_rank_within_dp=0, master_addr=127.0.0.1, mq_connect_ip=172.19.20.125 (local), world_size=1, local_world_size=1
(ApiServer_5 pid=24122) INFO 03-20 02:08:19 [scheduler.py:231] Chunked prefill is enabled with max_num_batched_tokens=8192.
(ApiServer_5 pid=24122) WARNING 03-20 02:08:19 [config.py:381] Mamba cache mode is set to 'align' for Qwen3_5MoeForConditionalGeneration by default when prefix caching is enabled
(ApiServer_5 pid=24122) INFO 03-20 02:08:19 [config.py:401] Warning: Prefix caching in Mamba cache 'align' mode is currently enabled. Its support for Mamba layers is experimental. Please report any issues you may observe.
(ApiServer_6 pid=24123) INFO 03-20 02:08:20 [model.py:531] Resolved architecture: Qwen3_5MoeForConditionalGeneration
(ApiServer_6 pid=24123) INFO 03-20 02:08:20 [model.py:1554] Using max model len 262144
(ApiServer_1 pid=24118) INFO 03-20 02:08:20 [model.py:531] Resolved architecture: Qwen3_5MoeForConditionalGeneration
(ApiServer_1 pid=24118) INFO 03-20 02:08:20 [model.py:1554] Using max model len 262144
(ApiServer_5 pid=24122) INFO 03-20 02:08:20 [config.py:544] Setting attention block size to 2096 tokens to ensure that attention page size is >= mamba page size.
(ApiServer_5 pid=24122) INFO 03-20 02:08:20 [config.py:575] Padding mamba page size by 0.58% to ensure that mamba page size and attention page size are exactly equal.
(ApiServer_5 pid=24122) INFO 03-20 02:08:20 [vllm.py:747] Asynchronous scheduling is enabled.
(ApiServer_5 pid=24122) INFO 03-20 02:08:20 [vllm.py:757] Disabling NCCL for DP synchronization when using async scheduling.
(ApiServer_2 pid=24119) INFO 03-20 02:08:20 [model.py:531] Resolved architecture: Qwen3_5MoeForConditionalGeneration
(ApiServer_2 pid=24119) INFO 03-20 02:08:20 [model.py:1554] Using max model len 262144
(ApiServer_7 pid=24124) INFO 03-20 02:08:20 [model.py:531] Resolved architecture: Qwen3_5MoeForConditionalGeneration
(ApiServer_7 pid=24124) INFO 03-20 02:08:20 [model.py:1554] Using max model len 262144
(ApiServer_4 pid=24121) INFO 03-20 02:08:20 [model.py:531] Resolved architecture: Qwen3_5MoeForConditionalGeneration
(ApiServer_4 pid=24121) INFO 03-20 02:08:20 [model.py:1554] Using max model len 262144
(ApiServer_3 pid=24120) INFO 03-20 02:08:20 [model.py:531] Resolved architecture: Qwen3_5MoeForConditionalGeneration
(ApiServer_3 pid=24120) INFO 03-20 02:08:20 [model.py:1554] Using max model len 262144
(ApiServer_0 pid=24117) INFO 03-20 02:08:20 [scheduler.py:231] Chunked prefill is enabled with max_num_batched_tokens=8192.
(ApiServer_0 pid=24117) WARNING 03-20 02:08:20 [config.py:381] Mamba cache mode is set to 'align' for Qwen3_5MoeForConditionalGeneration by default when prefix caching is enabled
(ApiServer_0 pid=24117) INFO 03-20 02:08:20 [config.py:401] Warning: Prefix caching in Mamba cache 'align' mode is currently enabled. Its support for Mamba layers is experimental. Please report any issues you may observe.
(ApiServer_0 pid=24117) INFO 03-20 02:08:21 [config.py:544] Setting attention block size to 2096 tokens to ensure that attention page size is >= mamba page size.
(ApiServer_0 pid=24117) INFO 03-20 02:08:21 [config.py:575] Padding mamba page size by 0.58% to ensure that mamba page size and attention page size are exactly equal.
(ApiServer_0 pid=24117) INFO 03-20 02:08:21 [vllm.py:747] Asynchronous scheduling is enabled.
(ApiServer_0 pid=24117) INFO 03-20 02:08:21 [vllm.py:757] Disabling NCCL for DP synchronization when using async scheduling.
(ApiServer_6 pid=24123) INFO 03-20 02:08:21 [scheduler.py:231] Chunked prefill is enabled with max_num_batched_tokens=8192.
(ApiServer_6 pid=24123) WARNING 03-20 02:08:21 [config.py:381] Mamba cache mode is set to 'align' for Qwen3_5MoeForConditionalGeneration by default when prefix caching is enabled
(ApiServer_6 pid=24123) INFO 03-20 02:08:21 [config.py:401] Warning: Prefix caching in Mamba cache 'align' mode is currently enabled. Its support for Mamba layers is experimental. Please report any issues you may observe.
(ApiServer_2 pid=24119) INFO 03-20 02:08:21 [scheduler.py:231] Chunked prefill is enabled with max_num_batched_tokens=8192.
(ApiServer_1 pid=24118) INFO 03-20 02:08:21 [scheduler.py:231] Chunked prefill is enabled with max_num_batched_tokens=8192.
(ApiServer_2 pid=24119) WARNING 03-20 02:08:21 [config.py:381] Mamba cache mode is set to 'align' for Qwen3_5MoeForConditionalGeneration by default when prefix caching is enabled
(ApiServer_1 pid=24118) WARNING 03-20 02:08:21 [config.py:381] Mamba cache mode is set to 'align' for Qwen3_5MoeForConditionalGeneration by default when prefix caching is enabled
(ApiServer_2 pid=24119) INFO 03-20 02:08:21 [config.py:401] Warning: Prefix caching in Mamba cache 'align' mode is currently enabled. Its support for Mamba layers is experimental. Please report any issues you may observe.
(ApiServer_1 pid=24118) INFO 03-20 02:08:21 [config.py:401] Warning: Prefix caching in Mamba cache 'align' mode is currently enabled. Its support for Mamba layers is experimental. Please report any issues you may observe.
(ApiServer_7 pid=24124) INFO 03-20 02:08:21 [scheduler.py:231] Chunked prefill is enabled with max_num_batched_tokens=8192.
(ApiServer_7 pid=24124) WARNING 03-20 02:08:21 [config.py:381] Mamba cache mode is set to 'align' for Qwen3_5MoeForConditionalGeneration by default when prefix caching is enabled
(ApiServer_7 pid=24124) INFO 03-20 02:08:21 [config.py:401] Warning: Prefix caching in Mamba cache 'align' mode is currently enabled. Its support for Mamba layers is experimental. Please report any issues you may observe.
(ApiServer_4 pid=24121) INFO 03-20 02:08:21 [scheduler.py:231] Chunked prefill is enabled with max_num_batched_tokens=8192.
(ApiServer_4 pid=24121) WARNING 03-20 02:08:21 [config.py:381] Mamba cache mode is set to 'align' for Qwen3_5MoeForConditionalGeneration by default when prefix caching is enabled
(ApiServer_4 pid=24121) INFO 03-20 02:08:21 [config.py:401] Warning: Prefix caching in Mamba cache 'align' mode is currently enabled. Its support for Mamba layers is experimental. Please report any issues you may observe.
(ApiServer_3 pid=24120) INFO 03-20 02:08:22 [scheduler.py:231] Chunked prefill is enabled with max_num_batched_tokens=8192.
(ApiServer_3 pid=24120) WARNING 03-20 02:08:22 [config.py:381] Mamba cache mode is set to 'align' for Qwen3_5MoeForConditionalGeneration by default when prefix caching is enabled
(ApiServer_3 pid=24120) INFO 03-20 02:08:22 [config.py:401] Warning: Prefix caching in Mamba cache 'align' mode is currently enabled. Its support for Mamba layers is experimental. Please report any issues you may observe.
(ApiServer_5 pid=24122) INFO 03-20 02:08:23 [registry.py:126] All limits of multimodal modalities supported by the model are set to 0, running in text-only mode.
(ApiServer_6 pid=24123) INFO 03-20 02:08:23 [config.py:544] Setting attention block size to 2096 tokens to ensure that attention page size is >= mamba page size.
(ApiServer_6 pid=24123) INFO 03-20 02:08:23 [config.py:575] Padding mamba page size by 0.58% to ensure that mamba page size and attention page size are exactly equal.
(ApiServer_6 pid=24123) INFO 03-20 02:08:23 [vllm.py:747] Asynchronous scheduling is enabled.
(ApiServer_6 pid=24123) INFO 03-20 02:08:23 [vllm.py:757] Disabling NCCL for DP synchronization when using async scheduling.
(ApiServer_0 pid=24117) INFO 03-20 02:08:23 [registry.py:126] All limits of multimodal modalities supported by the model are set to 0, running in text-only mode.
(ApiServer_2 pid=24119) INFO 03-20 02:08:24 [config.py:544] Setting attention block size to 2096 tokens to ensure that attention page size is >= mamba page size.
(ApiServer_2 pid=24119) INFO 03-20 02:08:24 [config.py:575] Padding mamba page size by 0.58% to ensure that mamba page size and attention page size are exactly equal.
(ApiServer_2 pid=24119) INFO 03-20 02:08:24 [vllm.py:747] Asynchronous scheduling is enabled.
(ApiServer_1 pid=24118) INFO 03-20 02:08:24 [config.py:544] Setting attention block size to 2096 tokens to ensure that attention page size is >= mamba page size.
(ApiServer_2 pid=24119) INFO 03-20 02:08:24 [vllm.py:757] Disabling NCCL for DP synchronization when using async scheduling.
(ApiServer_1 pid=24118) INFO 03-20 02:08:24 [config.py:575] Padding mamba page size by 0.58% to ensure that mamba page size and attention page size are exactly equal.
(ApiServer_1 pid=24118) INFO 03-20 02:08:24 [vllm.py:747] Asynchronous scheduling is enabled.
(ApiServer_1 pid=24118) INFO 03-20 02:08:24 [vllm.py:757] Disabling NCCL for DP synchronization when using async scheduling.
(ApiServer_4 pid=24121) INFO 03-20 02:08:24 [config.py:544] Setting attention block size to 2096 tokens to ensure that attention page size is >= mamba page size.
(ApiServer_4 pid=24121) INFO 03-20 02:08:24 [config.py:575] Padding mamba page size by 0.58% to ensure that mamba page size and attention page size are exactly equal.
(ApiServer_4 pid=24121) INFO 03-20 02:08:24 [vllm.py:747] Asynchronous scheduling is enabled.
(ApiServer_4 pid=24121) INFO 03-20 02:08:24 [vllm.py:757] Disabling NCCL for DP synchronization when using async scheduling.
(ApiServer_7 pid=24124) INFO 03-20 02:08:24 [config.py:544] Setting attention block size to 2096 tokens to ensure that attention page size is >= mamba page size.
(ApiServer_7 pid=24124) INFO 03-20 02:08:24 [config.py:575] Padding mamba page size by 0.58% to ensure that mamba page size and attention page size are exactly equal.
(ApiServer_7 pid=24124) INFO 03-20 02:08:24 [vllm.py:747] Asynchronous scheduling is enabled.
(ApiServer_7 pid=24124) INFO 03-20 02:08:24 [vllm.py:757] Disabling NCCL for DP synchronization when using async scheduling.
(ApiServer_3 pid=24120) INFO 03-20 02:08:24 [config.py:544] Setting attention block size to 2096 tokens to ensure that attention page size is >= mamba page size.
(ApiServer_3 pid=24120) INFO 03-20 02:08:24 [config.py:575] Padding mamba page size by 0.58% to ensure that mamba page size and attention page size are exactly equal.
(ApiServer_3 pid=24120) INFO 03-20 02:08:24 [vllm.py:747] Asynchronous scheduling is enabled.
(ApiServer_3 pid=24120) INFO 03-20 02:08:24 [vllm.py:757] Disabling NCCL for DP synchronization when using async scheduling.
(ApiServer_6 pid=24123) INFO 03-20 02:08:26 [registry.py:126] All limits of multimodal modalities supported by the model are set to 0, running in text-only mode.
(ApiServer_7 pid=24124) INFO 03-20 02:08:26 [registry.py:126] All limits of multimodal modalities supported by the model are set to 0, running in text-only mode.
(ApiServer_4 pid=24121) INFO 03-20 02:08:26 [registry.py:126] All limits of multimodal modalities supported by the model are set to 0, running in text-only mode.
(ApiServer_3 pid=24120) INFO 03-20 02:08:26 [registry.py:126] All limits of multimodal modalities supported by the model are set to 0, running in text-only mode.
(ApiServer_1 pid=24118) INFO 03-20 02:08:26 [registry.py:126] All limits of multimodal modalities supported by the model are set to 0, running in text-only mode.
(ApiServer_2 pid=24119) INFO 03-20 02:08:26 [registry.py:126] All limits of multimodal modalities supported by the model are set to 0, running in text-only mode.
INFO 03-20 02:09:03 [registry.py:126] All limits of multimodal modalities supported by the model are set to 0, running in text-only mode.
INFO 03-20 02:09:03 [registry.py:126] All limits of multimodal modalities supported by the model are set to 0, running in text-only mode.
INFO 03-20 02:09:03 [registry.py:126] All limits of multimodal modalities supported by the model are set to 0, running in text-only mode.
INFO 03-20 02:09:03 [registry.py:126] All limits of multimodal modalities supported by the model are set to 0, running in text-only mode.
INFO 03-20 02:09:03 [registry.py:126] All limits of multimodal modalities supported by the model are set to 0, running in text-only mode.
INFO 03-20 02:09:03 [registry.py:126] All limits of multimodal modalities supported by the model are set to 0, running in text-only mode.
INFO 03-20 02:09:03 [registry.py:126] All limits of multimodal modalities supported by the model are set to 0, running in text-only mode.
INFO 03-20 02:09:03 [registry.py:126] All limits of multimodal modalities supported by the model are set to 0, running in text-only mode.
(Worker pid=27714) INFO 03-20 02:09:04 [parallel_state.py:1393] world_size=8 rank=7 local_rank=7 distributed_init_method=tcp://127.0.0.1:54683 backend=nccl
(Worker pid=27715) INFO 03-20 02:09:04 [parallel_state.py:1393] world_size=8 rank=1 local_rank=1 distributed_init_method=tcp://127.0.0.1:54683 backend=nccl
(Worker pid=27717) INFO 03-20 02:09:04 [parallel_state.py:1393] world_size=8 rank=3 local_rank=3 distributed_init_method=tcp://127.0.0.1:54683 backend=nccl
(Worker pid=27724) INFO 03-20 02:09:04 [parallel_state.py:1393] world_size=8 rank=5 local_rank=5 distributed_init_method=tcp://127.0.0.1:54683 backend=nccl
(Worker pid=27725) INFO 03-20 02:09:04 [parallel_state.py:1393] world_size=8 rank=0 local_rank=0 distributed_init_method=tcp://127.0.0.1:54683 backend=nccl
(Worker pid=27719) INFO 03-20 02:09:04 [parallel_state.py:1393] world_size=8 rank=2 local_rank=2 distributed_init_method=tcp://127.0.0.1:54683 backend=nccl
(Worker pid=27716) INFO 03-20 02:09:04 [parallel_state.py:1393] world_size=8 rank=6 local_rank=6 distributed_init_method=tcp://127.0.0.1:54683 backend=nccl
(Worker pid=27718) INFO 03-20 02:09:04 [parallel_state.py:1393] world_size=8 rank=4 local_rank=4 distributed_init_method=tcp://127.0.0.1:54683 backend=nccl
(Worker pid=27724) <frozen importlib._bootstrap_external>:1325: FutureWarning: The cuda.cudart module is deprecated and will be removed in a future release, please switch to use the cuda.bindings.runtime module instead.
(Worker pid=27725) <frozen importlib._bootstrap_external>:1325: FutureWarning: The cuda.cudart module is deprecated and will be removed in a future release, please switch to use the cuda.bindings.runtime module instead.
(Worker pid=27714) <frozen importlib._bootstrap_external>:1325: FutureWarning: The cuda.cudart module is deprecated and will be removed in a future release, please switch to use the cuda.bindings.runtime module instead.
(Worker pid=27719) <frozen importlib._bootstrap_external>:1325: FutureWarning: The cuda.cudart module is deprecated and will be removed in a future release, please switch to use the cuda.bindings.runtime module instead.
(Worker pid=27717) <frozen importlib._bootstrap_external>:1325: FutureWarning: The cuda.cudart module is deprecated and will be removed in a future release, please switch to use the cuda.bindings.runtime module instead.
(Worker pid=27718) <frozen importlib._bootstrap_external>:1325: FutureWarning: The cuda.cudart module is deprecated and will be removed in a future release, please switch to use the cuda.bindings.runtime module instead.
(Worker pid=27716) <frozen importlib._bootstrap_external>:1325: FutureWarning: The cuda.cudart module is deprecated and will be removed in a future release, please switch to use the cuda.bindings.runtime module instead.
(Worker pid=27715) <frozen importlib._bootstrap_external>:1325: FutureWarning: The cuda.cudart module is deprecated and will be removed in a future release, please switch to use the cuda.bindings.runtime module instead.
(Worker pid=27724) <frozen importlib._bootstrap_external>:1325: FutureWarning: The cuda.nvrtc module is deprecated and will be removed in a future release, please switch to use the cuda.bindings.nvrtc module instead.
(Worker pid=27725) <frozen importlib._bootstrap_external>:1325: FutureWarning: The cuda.nvrtc module is deprecated and will be removed in a future release, please switch to use the cuda.bindings.nvrtc module instead.
(Worker pid=27714) <frozen importlib._bootstrap_external>:1325: FutureWarning: The cuda.nvrtc module is deprecated and will be removed in a future release, please switch to use the cuda.bindings.nvrtc module instead.
(Worker pid=27719) <frozen importlib._bootstrap_external>:1325: FutureWarning: The cuda.nvrtc module is deprecated and will be removed in a future release, please switch to use the cuda.bindings.nvrtc module instead.
(Worker pid=27717) <frozen importlib._bootstrap_external>:1325: FutureWarning: The cuda.nvrtc module is deprecated and will be removed in a future release, please switch to use the cuda.bindings.nvrtc module instead.
(Worker pid=27716) <frozen importlib._bootstrap_external>:1325: FutureWarning: The cuda.nvrtc module is deprecated and will be removed in a future release, please switch to use the cuda.bindings.nvrtc module instead.
(Worker pid=27718) <frozen importlib._bootstrap_external>:1325: FutureWarning: The cuda.nvrtc module is deprecated and will be removed in a future release, please switch to use the cuda.bindings.nvrtc module instead.
(Worker pid=27715) <frozen importlib._bootstrap_external>:1325: FutureWarning: The cuda.nvrtc module is deprecated and will be removed in a future release, please switch to use the cuda.bindings.nvrtc module instead.
(Worker pid=27725) INFO 03-20 02:09:08 [pynccl.py:111] vLLM is using nccl==2.27.5
(Worker pid=27725) INFO 03-20 02:09:10 [cuda_communicator.py:155] Using AgRsAll2AllManager all2all manager.
(Worker pid=27725) INFO 03-20 02:09:10 [parallel_state.py:1715] rank 0 in world size 8 is assigned as DP rank 0, PP rank 0, PCP rank 0, TP rank 0, EP rank 0, EPLB rank N/A
(Worker pid=27714) INFO 03-20 02:09:10 [parallel_state.py:1715] rank 7 in world size 8 is assigned as DP rank 7, PP rank 0, PCP rank 0, TP rank 0, EP rank 7, EPLB rank N/A
(Worker pid=27716) INFO 03-20 02:09:10 [parallel_state.py:1715] rank 6 in world size 8 is assigned as DP rank 6, PP rank 0, PCP rank 0, TP rank 0, EP rank 6, EPLB rank N/A
(Worker pid=27724) INFO 03-20 02:09:10 [parallel_state.py:1715] rank 5 in world size 8 is assigned as DP rank 5, PP rank 0, PCP rank 0, TP rank 0, EP rank 5, EPLB rank N/A
(Worker pid=27717) INFO 03-20 02:09:10 [parallel_state.py:1715] rank 3 in world size 8 is assigned as DP rank 3, PP rank 0, PCP rank 0, TP rank 0, EP rank 3, EPLB rank N/A
(Worker pid=27715) INFO 03-20 02:09:10 [parallel_state.py:1715] rank 1 in world size 8 is assigned as DP rank 1, PP rank 0, PCP rank 0, TP rank 0, EP rank 1, EPLB rank N/A
(Worker pid=27719) INFO 03-20 02:09:10 [parallel_state.py:1715] rank 2 in world size 8 is assigned as DP rank 2, PP rank 0, PCP rank 0, TP rank 0, EP rank 2, EPLB rank N/A
(Worker pid=27718) INFO 03-20 02:09:10 [parallel_state.py:1715] rank 4 in world size 8 is assigned as DP rank 4, PP rank 0, PCP rank 0, TP rank 0, EP rank 4, EPLB rank N/A
(Worker pid=27716) INFO 03-20 02:09:11 [base.py:106] Offloader set to NoopOffloader
(Worker pid=27714) INFO 03-20 02:09:11 [base.py:106] Offloader set to NoopOffloader
(Worker pid=27724) INFO 03-20 02:09:11 [base.py:106] Offloader set to NoopOffloader
(Worker pid=27717) INFO 03-20 02:09:11 [base.py:106] Offloader set to NoopOffloader
(Worker pid=27725) INFO 03-20 02:09:11 [base.py:106] Offloader set to NoopOffloader
(Worker pid=27725) (Worker_DP0_EP0 pid=27725) INFO 03-20 02:09:11 [gpu_model_runner.py:4281] Starting to load model Qwen/Qwen3.5-397B-A17B-FP8...
(Worker pid=27718) INFO 03-20 02:09:12 [base.py:106] Offloader set to NoopOffloader
(Worker pid=27714) (Worker_DP7_EP7 pid=27714) INFO 03-20 02:09:12 [cuda.py:453] Using backend AttentionBackendEnum.FLASH_ATTN for vit attention
(Worker pid=27714) (Worker_DP7_EP7 pid=27714) INFO 03-20 02:09:12 [mm_encoder_attention.py:215] Using AttentionBackendEnum.FLASH_ATTN for MMEncoderAttention.
(Worker pid=27716) (Worker_DP6_EP6 pid=27716) INFO 03-20 02:09:12 [cuda.py:453] Using backend AttentionBackendEnum.FLASH_ATTN for vit attention
(Worker pid=27716) (Worker_DP6_EP6 pid=27716) INFO 03-20 02:09:12 [mm_encoder_attention.py:215] Using AttentionBackendEnum.FLASH_ATTN for MMEncoderAttention.
(Worker pid=27717) (Worker_DP3_EP3 pid=27717) INFO 03-20 02:09:12 [cuda.py:453] Using backend AttentionBackendEnum.FLASH_ATTN for vit attention
(Worker pid=27717) (Worker_DP3_EP3 pid=27717) INFO 03-20 02:09:12 [mm_encoder_attention.py:215] Using AttentionBackendEnum.FLASH_ATTN for MMEncoderAttention.
(Worker pid=27714) (Worker_DP7_EP7 pid=27714) INFO 03-20 02:09:12 [qwen3_next.py:163] Using FlashInfer GDN prefill kernel on CUDA compute capability 90
(Worker pid=27724) (Worker_DP5_EP5 pid=27724) INFO 03-20 02:09:12 [cuda.py:453] Using backend AttentionBackendEnum.FLASH_ATTN for vit attention
(Worker pid=27725) (Worker_DP0_EP0 pid=27725) INFO 03-20 02:09:12 [cuda.py:453] Using backend AttentionBackendEnum.FLASH_ATTN for vit attention
(Worker pid=27724) (Worker_DP5_EP5 pid=27724) INFO 03-20 02:09:12 [mm_encoder_attention.py:215] Using AttentionBackendEnum.FLASH_ATTN for MMEncoderAttention.
(Worker pid=27725) (Worker_DP0_EP0 pid=27725) INFO 03-20 02:09:12 [mm_encoder_attention.py:215] Using AttentionBackendEnum.FLASH_ATTN for MMEncoderAttention.
(Worker pid=27716) (Worker_DP6_EP6 pid=27716) INFO 03-20 02:09:12 [qwen3_next.py:163] Using FlashInfer GDN prefill kernel on CUDA compute capability 90
(Worker pid=27717) (Worker_DP3_EP3 pid=27717) INFO 03-20 02:09:12 [qwen3_next.py:163] Using FlashInfer GDN prefill kernel on CUDA compute capability 90
(Worker pid=27725) (Worker_DP0_EP0 pid=27725) INFO 03-20 02:09:12 [qwen3_next.py:163] Using FlashInfer GDN prefill kernel on CUDA compute capability 90
(Worker pid=27724) (Worker_DP5_EP5 pid=27724) INFO 03-20 02:09:12 [qwen3_next.py:163] Using FlashInfer GDN prefill kernel on CUDA compute capability 90
(Worker pid=27716) (Worker_DP6_EP6 pid=27716) INFO 03-20 02:09:12 [layer.py:456] [EP Rank 6/8] Expert parallelism is enabled. Expert placement strategy: linear. Local/global number of experts: 64/512. Experts local to global index map: 0->384, 1->385, 2->386, 3->387, 4->388, 5->389, 6->390, 7->391, 8->392, 9->393, 10->394, 11->395, 12->396, 13->397, 14->398, 15->399, 16->400, 17->401, 18->402, 19->403, 20->404, 21->405, 22->406, 23->407, 24->408, 25->409, 26->410, 27->411, 28->412, 29->413, 30->414, 31->415, 32->416, 33->417, 34->418, 35->419, 36->420, 37->421, 38->422, 39->423, 40->424, 41->425, 42->426, 43->427, 44->428, 45->429, 46->430, 47->431, 48->432, 49->433, 50->434, 51->435, 52->436, 53->437, 54->438, 55->439, 56->440, 57->441, 58->442, 59->443, 60->444, 61->445, 62->446, 63->447.
(Worker pid=27718) (Worker_DP4_EP4 pid=27718) INFO 03-20 02:09:12 [cuda.py:453] Using backend AttentionBackendEnum.FLASH_ATTN for vit attention
(Worker pid=27718) (Worker_DP4_EP4 pid=27718) INFO 03-20 02:09:12 [mm_encoder_attention.py:215] Using AttentionBackendEnum.FLASH_ATTN for MMEncoderAttention.
(Worker pid=27725) (Worker_DP0_EP0 pid=27725) INFO 03-20 02:09:12 [layer.py:456] [EP Rank 0/8] Expert parallelism is enabled. Expert placement strategy: linear. Local/global number of experts: 64/512. Experts local to global index map: 0->0, 1->1, 2->2, 3->3, 4->4, 5->5, 6->6, 7->7, 8->8, 9->9, 10->10, 11->11, 12->12, 13->13, 14->14, 15->15, 16->16, 17->17, 18->18, 19->19, 20->20, 21->21, 22->22, 23->23, 24->24, 25->25, 26->26, 27->27, 28->28, 29->29, 30->30, 31->31, 32->32, 33->33, 34->34, 35->35, 36->36, 37->37, 38->38, 39->39, 40->40, 41->41, 42->42, 43->43, 44->44, 45->45, 46->46, 47->47, 48->48, 49->49, 50->50, 51->51, 52->52, 53->53, 54->54, 55->55, 56->56, 57->57, 58->58, 59->59, 60->60, 61->61, 62->62, 63->63.
(Worker pid=27725) (Worker_DP0_EP0 pid=27725) INFO 03-20 02:09:12 [fp8.py:390] Using TRITON Fp8 MoE backend out of potential backends: ['FLASHINFER_CUTLASS', 'AITER', 'FLASHINFER_TRTLLM', 'DEEPGEMM', 'TRITON', 'MARLIN', 'BATCHED_DEEPGEMM', 'BATCHED_TRITON', 'XPU'].
(Worker pid=27714) (Worker_DP7_EP7 pid=27714) INFO 03-20 02:09:12 [layer.py:456] [EP Rank 7/8] Expert parallelism is enabled. Expert placement strategy: linear. Local/global number of experts: 64/512. Experts local to global index map: 0->448, 1->449, 2->450, 3->451, 4->452, 5->453, 6->454, 7->455, 8->456, 9->457, 10->458, 11->459, 12->460, 13->461, 14->462, 15->463, 16->464, 17->465, 18->466, 19->467, 20->468, 21->469, 22->470, 23->471, 24->472, 25->473, 26->474, 27->475, 28->476, 29->477, 30->478, 31->479, 32->480, 33->481, 34->482, 35->483, 36->484, 37->485, 38->486, 39->487, 40->488, 41->489, 42->490, 43->491, 44->492, 45->493, 46->494, 47->495, 48->496, 49->497, 50->498, 51->499, 52->500, 53->501, 54->502, 55->503, 56->504, 57->505, 58->506, 59->507, 60->508, 61->509, 62->510, 63->511.
(Worker pid=27715) INFO 03-20 02:09:12 [base.py:106] Offloader set to NoopOffloader
(Worker pid=27717) (Worker_DP3_EP3 pid=27717) INFO 03-20 02:09:12 [layer.py:456] [EP Rank 3/8] Expert parallelism is enabled. Expert placement strategy: linear. Local/global number of experts: 64/512. Experts local to global index map: 0->192, 1->193, 2->194, 3->195, 4->196, 5->197, 6->198, 7->199, 8->200, 9->201, 10->202, 11->203, 12->204, 13->205, 14->206, 15->207, 16->208, 17->209, 18->210, 19->211, 20->212, 21->213, 22->214, 23->215, 24->216, 25->217, 26->218, 27->219, 28->220, 29->221, 30->222, 31->223, 32->224, 33->225, 34->226, 35->227, 36->228, 37->229, 38->230, 39->231, 40->232, 41->233, 42->234, 43->235, 44->236, 45->237, 46->238, 47->239, 48->240, 49->241, 50->242, 51->243, 52->244, 53->245, 54->246, 55->247, 56->248, 57->249, 58->250, 59->251, 60->252, 61->253, 62->254, 63->255.
(Worker pid=27718) (Worker_DP4_EP4 pid=27718) INFO 03-20 02:09:12 [qwen3_next.py:163] Using FlashInfer GDN prefill kernel on CUDA compute capability 90
(Worker pid=27719) INFO 03-20 02:09:12 [base.py:106] Offloader set to NoopOffloader
(Worker pid=27724) (Worker_DP5_EP5 pid=27724) INFO 03-20 02:09:12 [layer.py:456] [EP Rank 5/8] Expert parallelism is enabled. Expert placement strategy: linear. Local/global number of experts: 64/512. Experts local to global index map: 0->320, 1->321, 2->322, 3->323, 4->324, 5->325, 6->326, 7->327, 8->328, 9->329, 10->330, 11->331, 12->332, 13->333, 14->334, 15->335, 16->336, 17->337, 18->338, 19->339, 20->340, 21->341, 22->342, 23->343, 24->344, 25->345, 26->346, 27->347, 28->348, 29->349, 30->350, 31->351, 32->352, 33->353, 34->354, 35->355, 36->356, 37->357, 38->358, 39->359, 40->360, 41->361, 42->362, 43->363, 44->364, 45->365, 46->366, 47->367, 48->368, 49->369, 50->370, 51->371, 52->372, 53->373, 54->374, 55->375, 56->376, 57->377, 58->378, 59->379, 60->380, 61->381, 62->382, 63->383.
(Worker pid=27718) (Worker_DP4_EP4 pid=27718) INFO 03-20 02:09:12 [layer.py:456] [EP Rank 4/8] Expert parallelism is enabled. Expert placement strategy: linear. Local/global number of experts: 64/512. Experts local to global index map: 0->256, 1->257, 2->258, 3->259, 4->260, 5->261, 6->262, 7->263, 8->264, 9->265, 10->266, 11->267, 12->268, 13->269, 14->270, 15->271, 16->272, 17->273, 18->274, 19->275, 20->276, 21->277, 22->278, 23->279, 24->280, 25->281, 26->282, 27->283, 28->284, 29->285, 30->286, 31->287, 32->288, 33->289, 34->290, 35->291, 36->292, 37->293, 38->294, 39->295, 40->296, 41->297, 42->298, 43->299, 44->300, 45->301, 46->302, 47->303, 48->304, 49->305, 50->306, 51->307, 52->308, 53->309, 54->310, 55->311, 56->312, 57->313, 58->314, 59->315, 60->316, 61->317, 62->318, 63->319.
(Worker pid=27725) (Worker_DP0_EP0 pid=27725) INFO 03-20 02:09:12 [cuda.py:405] Using FLASH_ATTN attention backend out of potential backends: ['FLASH_ATTN', 'FLASHINFER', 'TRITON_ATTN', 'FLEX_ATTENTION'].
(Worker pid=27725) (Worker_DP0_EP0 pid=27725) INFO 03-20 02:09:12 [flash_attn.py:587] Using FlashAttention version 3
(Worker pid=27715) (Worker_DP1_EP1 pid=27715) INFO 03-20 02:09:12 [cuda.py:453] Using backend AttentionBackendEnum.FLASH_ATTN for vit attention
(Worker pid=27715) (Worker_DP1_EP1 pid=27715) INFO 03-20 02:09:12 [mm_encoder_attention.py:215] Using AttentionBackendEnum.FLASH_ATTN for MMEncoderAttention.
(Worker pid=27715) (Worker_DP1_EP1 pid=27715) INFO 03-20 02:09:12 [qwen3_next.py:163] Using FlashInfer GDN prefill kernel on CUDA compute capability 90
(Worker pid=27719) (Worker_DP2_EP2 pid=27719) INFO 03-20 02:09:12 [cuda.py:453] Using backend AttentionBackendEnum.FLASH_ATTN for vit attention
(Worker pid=27719) (Worker_DP2_EP2 pid=27719) INFO 03-20 02:09:12 [mm_encoder_attention.py:215] Using AttentionBackendEnum.FLASH_ATTN for MMEncoderAttention.
(Worker pid=27715) (Worker_DP1_EP1 pid=27715) INFO 03-20 02:09:12 [layer.py:456] [EP Rank 1/8] Expert parallelism is enabled. Expert placement strategy: linear. Local/global number of experts: 64/512. Experts local to global index map: 0->64, 1->65, 2->66, 3->67, 4->68, 5->69, 6->70, 7->71, 8->72, 9->73, 10->74, 11->75, 12->76, 13->77, 14->78, 15->79, 16->80, 17->81, 18->82, 19->83, 20->84, 21->85, 22->86, 23->87, 24->88, 25->89, 26->90, 27->91, 28->92, 29->93, 30->94, 31->95, 32->96, 33->97, 34->98, 35->99, 36->100, 37->101, 38->102, 39->103, 40->104, 41->105, 42->106, 43->107, 44->108, 45->109, 46->110, 47->111, 48->112, 49->113, 50->114, 51->115, 52->116, 53->117, 54->118, 55->119, 56->120, 57->121, 58->122, 59->123, 60->124, 61->125, 62->126, 63->127.
(Worker pid=27719) (Worker_DP2_EP2 pid=27719) INFO 03-20 02:09:12 [qwen3_next.py:163] Using FlashInfer GDN prefill kernel on CUDA compute capability 90
(Worker pid=27719) (Worker_DP2_EP2 pid=27719) INFO 03-20 02:09:12 [layer.py:456] [EP Rank 2/8] Expert parallelism is enabled. Expert placement strategy: linear. Local/global number of experts: 64/512. Experts local to global index map: 0->128, 1->129, 2->130, 3->131, 4->132, 5->133, 6->134, 7->135, 8->136, 9->137, 10->138, 11->139, 12->140, 13->141, 14->142, 15->143, 16->144, 17->145, 18->146, 19->147, 20->148, 21->149, 22->150, 23->151, 24->152, 25->153, 26->154, 27->155, 28->156, 29->157, 30->158, 31->159, 32->160, 33->161, 34->162, 35->163, 36->164, 37->165, 38->166, 39->167, 40->168, 41->169, 42->170, 43->171, 44->172, 45->173, 46->174, 47->175, 48->176, 49->177, 50->178, 51->179, 52->180, 53->181, 54->182, 55->183, 56->184, 57->185, 58->186, 59->187, 60->188, 61->189, 62->190, 63->191.
(Worker pid=27725) (Worker_DP0_EP0 pid=27725) Loading safetensors checkpoint shards:   0% Completed | 0/94 [00:00<?, ?it/s]
(Worker pid=27725) (Worker_DP0_EP0 pid=27725) Loading safetensors checkpoint shards:   1% Completed | 1/94 [00:00<00:37,  2.51it/s]
(Worker pid=27725) (Worker_DP0_EP0 pid=27725) Loading safetensors checkpoint shards:   2% Completed | 2/94 [00:00<00:39,  2.33it/s]
(Worker pid=27725) (Worker_DP0_EP0 pid=27725) Loading safetensors checkpoint shards:   3% Completed | 3/94 [00:01<00:40,  2.26it/s]
(Worker pid=27725) (Worker_DP0_EP0 pid=27725) Loading safetensors checkpoint shards:   4% Completed | 4/94 [00:01<00:40,  2.23it/s]
(Worker pid=27725) (Worker_DP0_EP0 pid=27725) Loading safetensors checkpoint shards:   5% Completed | 5/94 [00:02<00:40,  2.20it/s]
(Worker pid=27725) (Worker_DP0_EP0 pid=27725) Loading safetensors checkpoint shards:   6% Completed | 6/94 [00:02<00:40,  2.18it/s]
(Worker pid=27725) (Worker_DP0_EP0 pid=27725) Loading safetensors checkpoint shards:   7% Completed | 7/94 [00:03<00:41,  2.12it/s]
(Worker pid=27725) (Worker_DP0_EP0 pid=27725) Loading safetensors checkpoint shards:   9% Completed | 8/94 [00:03<00:42,  2.03it/s]
(Worker pid=27725) (Worker_DP0_EP0 pid=27725) Loading safetensors checkpoint shards:  10% Completed | 9/94 [00:04<00:43,  1.98it/s]
(Worker pid=27725) (Worker_DP0_EP0 pid=27725) Loading safetensors checkpoint shards:  11% Completed | 10/94 [00:04<00:42,  1.98it/s]
(Worker pid=27725) (Worker_DP0_EP0 pid=27725) Loading safetensors checkpoint shards:  12% Completed | 11/94 [00:05<00:40,  2.04it/s]
(Worker pid=27725) (Worker_DP0_EP0 pid=27725) Loading safetensors checkpoint shards:  13% Completed | 12/94 [00:05<00:39,  2.08it/s]
(Worker pid=27725) (Worker_DP0_EP0 pid=27725) Loading safetensors checkpoint shards:  14% Completed | 13/94 [00:06<00:38,  2.10it/s]
(Worker pid=27725) (Worker_DP0_EP0 pid=27725) Loading safetensors checkpoint shards:  15% Completed | 14/94 [00:06<00:37,  2.12it/s]
(Worker pid=27725) (Worker_DP0_EP0 pid=27725) Loading safetensors checkpoint shards:  16% Completed | 15/94 [00:07<00:37,  2.11it/s]
(Worker pid=27725) (Worker_DP0_EP0 pid=27725) Loading safetensors checkpoint shards:  17% Completed | 16/94 [00:07<00:36,  2.11it/s]
(Worker pid=27725) (Worker_DP0_EP0 pid=27725) Loading safetensors checkpoint shards:  18% Completed | 17/94 [00:08<00:36,  2.10it/s]
(Worker pid=27725) (Worker_DP0_EP0 pid=27725) Loading safetensors checkpoint shards:  19% Completed | 18/94 [00:08<00:36,  2.11it/s]
(Worker pid=27725) (Worker_DP0_EP0 pid=27725) Loading safetensors checkpoint shards:  20% Completed | 19/94 [00:08<00:35,  2.14it/s]
(Worker pid=27725) (Worker_DP0_EP0 pid=27725) Loading safetensors checkpoint shards:  21% Completed | 20/94 [00:09<00:34,  2.17it/s]
(Worker pid=27725) (Worker_DP0_EP0 pid=27725) Loading safetensors checkpoint shards:  22% Completed | 21/94 [00:09<00:33,  2.18it/s]
(Worker pid=27725) (Worker_DP0_EP0 pid=27725) Loading safetensors checkpoint shards:  23% Completed | 22/94 [00:10<00:33,  2.17it/s]
(Worker pid=27725) (Worker_DP0_EP0 pid=27725) Loading safetensors checkpoint shards:  24% Completed | 23/94 [00:10<00:32,  2.16it/s]
(Worker pid=27725) (Worker_DP0_EP0 pid=27725) Loading safetensors checkpoint shards:  26% Completed | 24/94 [00:11<00:32,  2.17it/s]
(Worker pid=27725) (Worker_DP0_EP0 pid=27725) Loading safetensors checkpoint shards:  27% Completed | 25/94 [00:11<00:31,  2.19it/s]
(Worker pid=27725) (Worker_DP0_EP0 pid=27725) Loading safetensors checkpoint shards:  28% Completed | 26/94 [00:12<00:31,  2.19it/s]
(Worker pid=27725) (Worker_DP0_EP0 pid=27725) Loading safetensors checkpoint shards:  29% Completed | 27/94 [00:12<00:30,  2.19it/s]
(Worker pid=27725) (Worker_DP0_EP0 pid=27725) Loading safetensors checkpoint shards:  30% Completed | 28/94 [00:13<00:30,  2.19it/s]
(Worker pid=27725) (Worker_DP0_EP0 pid=27725) Loading safetensors checkpoint shards:  31% Completed | 29/94 [00:13<00:29,  2.18it/s]
(Worker pid=27725) (Worker_DP0_EP0 pid=27725) Loading safetensors checkpoint shards:  32% Completed | 30/94 [00:13<00:29,  2.19it/s]
(Worker pid=27725) (Worker_DP0_EP0 pid=27725) Loading safetensors checkpoint shards:  33% Completed | 31/94 [00:14<00:28,  2.20it/s]
(Worker pid=27725) (Worker_DP0_EP0 pid=27725) Loading safetensors checkpoint shards:  34% Completed | 32/94 [00:14<00:28,  2.19it/s]
(Worker pid=27725) (Worker_DP0_EP0 pid=27725) Loading safetensors checkpoint shards:  35% Completed | 33/94 [00:15<00:27,  2.18it/s]
(Worker pid=27725) (Worker_DP0_EP0 pid=27725) Loading safetensors checkpoint shards:  36% Completed | 34/94 [00:15<00:27,  2.17it/s]
(Worker pid=27725) (Worker_DP0_EP0 pid=27725) Loading safetensors checkpoint shards:  37% Completed | 35/94 [00:16<00:27,  2.16it/s]
(Worker pid=27725) (Worker_DP0_EP0 pid=27725) Loading safetensors checkpoint shards:  38% Completed | 36/94 [00:16<00:26,  2.17it/s]
(Worker pid=27725) (Worker_DP0_EP0 pid=27725) Loading safetensors checkpoint shards:  39% Completed | 37/94 [00:17<00:26,  2.16it/s]
(Worker pid=27725) (Worker_DP0_EP0 pid=27725) Loading safetensors checkpoint shards:  40% Completed | 38/94 [00:17<00:26,  2.14it/s]
(Worker pid=27725) (Worker_DP0_EP0 pid=27725) Loading safetensors checkpoint shards:  41% Completed | 39/94 [00:18<00:25,  2.16it/s]
(Worker pid=27725) (Worker_DP0_EP0 pid=27725) Loading safetensors checkpoint shards:  43% Completed | 40/94 [00:18<00:24,  2.18it/s]
(Worker pid=27725) (Worker_DP0_EP0 pid=27725) Loading safetensors checkpoint shards:  44% Completed | 41/94 [00:19<00:24,  2.20it/s]
(Worker pid=27725) (Worker_DP0_EP0 pid=27725) Loading safetensors checkpoint shards:  45% Completed | 42/94 [00:19<00:23,  2.20it/s]
(Worker pid=27725) (Worker_DP0_EP0 pid=27725) Loading safetensors checkpoint shards:  46% Completed | 43/94 [00:19<00:23,  2.21it/s]
(Worker pid=27725) (Worker_DP0_EP0 pid=27725) Loading safetensors checkpoint shards:  47% Completed | 44/94 [00:20<00:23,  2.16it/s]
(Worker pid=27725) (Worker_DP0_EP0 pid=27725) Loading safetensors checkpoint shards:  48% Completed | 45/94 [00:20<00:23,  2.07it/s]
(Worker pid=27725) (Worker_DP0_EP0 pid=27725) Loading safetensors checkpoint shards:  49% Completed | 46/94 [00:21<00:23,  2.00it/s]
(Worker pid=27725) (Worker_DP0_EP0 pid=27725) Loading safetensors checkpoint shards:  50% Completed | 47/94 [00:21<00:23,  2.01it/s]
(Worker pid=27725) (Worker_DP0_EP0 pid=27725) Loading safetensors checkpoint shards:  51% Completed | 48/94 [00:22<00:22,  2.06it/s]
(Worker pid=27725) (Worker_DP0_EP0 pid=27725) Loading safetensors checkpoint shards:  52% Completed | 49/94 [00:22<00:21,  2.11it/s]
(Worker pid=27725) (Worker_DP0_EP0 pid=27725) Loading safetensors checkpoint shards:  53% Completed | 50/94 [00:23<00:20,  2.15it/s]
(Worker pid=27725) (Worker_DP0_EP0 pid=27725) Loading safetensors checkpoint shards:  54% Completed | 51/94 [00:23<00:19,  2.16it/s]
(Worker pid=27725) (Worker_DP0_EP0 pid=27725) Loading safetensors checkpoint shards:  55% Completed | 52/94 [00:24<00:19,  2.17it/s]
(Worker pid=27725) (Worker_DP0_EP0 pid=27725) Loading safetensors checkpoint shards:  56% Completed | 53/94 [00:24<00:18,  2.18it/s]
(Worker pid=27725) (Worker_DP0_EP0 pid=27725) Loading safetensors checkpoint shards:  57% Completed | 54/94 [00:25<00:18,  2.17it/s]
(Worker pid=27725) (Worker_DP0_EP0 pid=27725) Loading safetensors checkpoint shards:  59% Completed | 55/94 [00:25<00:18,  2.15it/s]
(Worker pid=27725) (Worker_DP0_EP0 pid=27725) Loading safetensors checkpoint shards:  60% Completed | 56/94 [00:26<00:17,  2.17it/s]
(Worker pid=27725) (Worker_DP0_EP0 pid=27725) Loading safetensors checkpoint shards:  61% Completed | 57/94 [00:26<00:16,  2.18it/s]
(Worker pid=27725) (Worker_DP0_EP0 pid=27725) Loading safetensors checkpoint shards:  62% Completed | 58/94 [00:27<00:16,  2.18it/s]
(Worker pid=27725) (Worker_DP0_EP0 pid=27725) Loading safetensors checkpoint shards:  63% Completed | 59/94 [00:27<00:16,  2.17it/s]
(Worker pid=27725) (Worker_DP0_EP0 pid=27725) Loading safetensors checkpoint shards:  64% Completed | 60/94 [00:27<00:15,  2.16it/s]
(Worker pid=27725) (Worker_DP0_EP0 pid=27725) Loading safetensors checkpoint shards:  65% Completed | 61/94 [00:28<00:15,  2.17it/s]
(Worker pid=27725) (Worker_DP0_EP0 pid=27725) Loading safetensors checkpoint shards:  66% Completed | 62/94 [00:28<00:14,  2.18it/s]
(Worker pid=27725) (Worker_DP0_EP0 pid=27725) Loading safetensors checkpoint shards:  67% Completed | 63/94 [00:29<00:14,  2.15it/s]
(Worker pid=27725) (Worker_DP0_EP0 pid=27725) Loading safetensors checkpoint shards:  68% Completed | 64/94 [00:29<00:14,  2.13it/s]
(Worker pid=27725) (Worker_DP0_EP0 pid=27725) Loading safetensors checkpoint shards:  69% Completed | 65/94 [00:30<00:13,  2.09it/s]
(Worker pid=27725) (Worker_DP0_EP0 pid=27725) Loading safetensors checkpoint shards:  70% Completed | 66/94 [00:30<00:13,  2.08it/s]
(Worker pid=27725) (Worker_DP0_EP0 pid=27725) Loading safetensors checkpoint shards:  71% Completed | 67/94 [00:31<00:12,  2.10it/s]
(Worker pid=27725) (Worker_DP0_EP0 pid=27725) Loading safetensors checkpoint shards:  72% Completed | 68/94 [00:31<00:12,  2.12it/s]
(Worker pid=27725) (Worker_DP0_EP0 pid=27725) Loading safetensors checkpoint shards:  73% Completed | 69/94 [00:32<00:11,  2.13it/s]
(Worker pid=27725) (Worker_DP0_EP0 pid=27725) Loading safetensors checkpoint shards:  74% Completed | 70/94 [00:32<00:11,  2.16it/s]
(Worker pid=27725) (Worker_DP0_EP0 pid=27725) Loading safetensors checkpoint shards:  76% Completed | 71/94 [00:33<00:10,  2.14it/s]
(Worker pid=27725) (Worker_DP0_EP0 pid=27725) Loading safetensors checkpoint shards:  77% Completed | 72/94 [00:33<00:10,  2.13it/s]
(Worker pid=27725) (Worker_DP0_EP0 pid=27725) Loading safetensors checkpoint shards:  78% Completed | 73/94 [00:34<00:09,  2.12it/s]
(Worker pid=27725) (Worker_DP0_EP0 pid=27725) Loading safetensors checkpoint shards:  79% Completed | 74/94 [00:34<00:09,  2.11it/s]
(Worker pid=27725) (Worker_DP0_EP0 pid=27725) Loading safetensors checkpoint shards:  80% Completed | 75/94 [00:35<00:08,  2.12it/s]
(Worker pid=27725) (Worker_DP0_EP0 pid=27725) Loading safetensors checkpoint shards:  81% Completed | 76/94 [00:35<00:08,  2.15it/s]
(Worker pid=27725) (Worker_DP0_EP0 pid=27725) Loading safetensors checkpoint shards:  82% Completed | 77/94 [00:35<00:07,  2.16it/s]
(Worker pid=27725) (Worker_DP0_EP0 pid=27725) Loading safetensors checkpoint shards:  83% Completed | 78/94 [00:36<00:07,  2.16it/s]
(Worker pid=27725) (Worker_DP0_EP0 pid=27725) Loading safetensors checkpoint shards:  84% Completed | 79/94 [00:36<00:06,  2.17it/s]
(Worker pid=27725) (Worker_DP0_EP0 pid=27725) Loading safetensors checkpoint shards:  85% Completed | 80/94 [00:37<00:06,  2.17it/s]
